// Jest Snapshot v1, https://goo.gl/fbAQLP

exports[`ContactPage matches snapshot 1`] = `
<section
  className="contactPage"
>
  <div
    className="row"
  >
    <div
      className="col-sm-12 my-3 text-center"
    >
      <h5>
        <a
          href="https://www.linkedin.com/in/ppiech/"
        >
          <FontAwesomeIcon
            border={false}
            className=""
            fixedWidth={false}
            flip={null}
            icon={
              Array [
                "fab",
                "linkedin",
              ]
            }
            inverse={false}
            listItem={false}
            mask={null}
            pull={null}
            pulse={false}
            rotation={null}
            size={null}
            spin={false}
            symbol={false}
            transform={null}
          />
           /ppiech
        </a>
      </h5>
      <h5>
        <a
          href="https://github.com/Tenemo"
        >
          <FontAwesomeIcon
            border={false}
            className=""
            fixedWidth={false}
            flip={null}
            icon={
              Array [
                "fab",
                "github",
              ]
            }
            inverse={false}
            listItem={false}
            mask={null}
            pull={null}
            pulse={false}
            rotation={null}
            size={null}
            spin={false}
            symbol={false}
            transform={null}
          />
           /Tenemo
        </a>
      </h5>
      <h5>
        <a
          href="mailto:piotr@piech.dev"
        >
          <FontAwesomeIcon
            border={false}
            className=""
            fixedWidth={false}
            flip={null}
            icon={
              Array [
                "far",
                "envelope",
              ]
            }
            inverse={false}
            listItem={false}
            mask={null}
            pull={null}
            pulse={false}
            rotation={null}
            size={null}
            spin={false}
            symbol={false}
            transform={null}
          />
           piotr@piech.dev
        </a>
      </h5>
    </div>
  </div>
</section>
`;
